app/api/budgets/route.ts(10,53): error TS2345: Argument of type 'string | undefined' is not assignable to parameter of type 'string'.
  Type 'undefined' is not assignable to type 'string'.
app/api/dashboard/stats/route.ts(26,52): error TS2365: Operator '+' cannot be applied to types 'number' and 'Decimal'.
app/api/dashboard/stats/route.ts(27,46): error TS2365: Operator '+' cannot be applied to types 'number' and 'Decimal'.
app/api/dashboard/stats/route.ts(28,50): error TS2365: Operator '+' cannot be applied to types 'number' and 'Decimal'.
app/api/dashboard/stats/route.ts(32,32): error TS2365: Operator '+' cannot be applied to types 'number' and 'Decimal'.
app/api/dashboard/stats/route.ts(35,53): error TS2365: Operator '+' cannot be applied to types 'number' and 'Decimal'.
app/api/dashboard/stats/route.ts(36,54): error TS2365: Operator '+' cannot be applied to types 'number' and 'Decimal'.
app/api/dashboard/stats/route.ts(37,55): error TS2365: Operator '+' cannot be applied to types 'number' and 'Decimal'.
app/api/payments/[id]/route.ts(19,31): error TS2362: The left-hand side of an arithmetic operation must be of type 'any', 'number', 'bigint' or an enum type.
app/api/payments/[id]/route.ts(19,52): error TS2363: The right-hand side of an arithmetic operation must be of type 'any', 'number', 'bigint' or an enum type.
app/api/payments/[id]/route.ts(20,36): error TS2362: The left-hand side of an arithmetic operation must be of type 'any', 'number', 'bigint' or an enum type.
services/cost.service.ts(37,41): error TS2365: Operator '+' cannot be applied to types 'number | Decimal' and 'number'.
services/cost.service.ts(39,9): error TS2365: Operator '>' cannot be applied to types 'number | Decimal' and 'number'.
services/cost.service.ts(39,28): error TS2365: Operator '>' cannot be applied to types 'number' and 'number | Decimal'.
services/revenue.service.ts(55,20): error TS2365: Operator '+' cannot be applied to types 'Decimal' and 'number'.
services/revenue.service.ts(56,104): error TS2345: Argument of type 'Decimal' is not assignable to parameter of type 'number'.
services/revenue.service.ts(59,40): error TS2365: Operator '+' cannot be applied to types 'Decimal' and 'number'.
services/revenue.service.ts(60,57): error TS2362: The left-hand side of an arithmetic operation must be of type 'any', 'number', 'bigint' or an enum type.
store/erpStore.ts(332,34): error TS2339: Property 'calculateStats' does not exist on type 'typeof ProjectFinance'.
test.ts(1,25): error TS2307: Cannot find module 'dotenv' or its corresponding type declarations.
